******************************************************************************
                  TI ARM Linker PC v20.2.7                     
******************************************************************************
>> Linked Fri May  5 12:41:17 2023

OUTPUT FILE NAME:   <Lab8.out>
ENTRY POINT SYMBOL: "_c_int00_noinit_noargs"  address: 00000579


MEMORY CONFIGURATION

         name            origin    length      used     unused   attr    fill
----------------------  --------  ---------  --------  --------  ----  --------
  FLASH                 00000000   00040000  0000061e  0003f9e2  R  X
  SRAM                  20000000   00008000  00000200  00007e00  RW X


SEGMENT ALLOCATION MAP

run origin  load origin   length   init length attrs members
----------  ----------- ---------- ----------- ----- -------
00000000    00000000    0000061e   0000061e    r-x
  00000000    00000000    0000026c   0000026c    r-- .intvecs
  0000026c    0000026c    000003b2   000003b2    r-x .text
20000000    20000000    00000200   00000000    rw-
  20000000    20000000    00000200   00000000    rw- .stack


SECTION ALLOCATION MAP

 output                                  attributes/
section   page    origin      length       input sections
--------  ----  ----------  ----------   ----------------
.intvecs   0    00000000    0000026c     
                  00000000    0000026c     tm4c123gh6pm_startup_ccs.obj (.intvecs)

.text      0    0000026c    000003b2     
                  0000026c    0000016c     main.obj (.text)
                  000003d8    00000132     driverlib.lib : gpio.obj (.text:GPIOPadConfigSet)
                  0000050a    00000002     --HOLE-- [fill = 0]
                  0000050c    00000038                   : sysctl.obj (.text:SysCtlPeripheralReady)
                  00000544    00000034                   : sysctl.obj (.text:SysCtlPeripheralEnable)
                  00000578    0000002c     rtsv7M4_T_le_v4SPD16_eabi.lib : boot_cortex_m.c.obj (.text:_c_int00_noinit_noargs:_c_int00_noinit_noargs)
                  000005a4    0000002a     driverlib.lib : gpio.obj (.text:GPIODirModeSet)
                  000005ce    00000018                   : gpio.obj (.text:GPIOPinTypeGPIOOutput)
                  000005e6    00000012                   : gpio.obj (.text:GPIOPinTypeGPIOInput)
                  000005f8    0000000c     tm4c123gh6pm_startup_ccs.obj (.text)
                  00000604    00000006     driverlib.lib : gpio.obj (.text:GPIOPinRead)
                  0000060a    00000006                   : gpio.obj (.text:GPIOPinWrite)
                  00000610    00000006                   : sysctl.obj (.text:SysCtlDelay)
                  00000616    00000004     rtsv7M4_T_le_v4SPD16_eabi.lib : pre_init.c.obj (.text:_system_pre_init)
                  0000061a    00000004                                   : exit.c.obj (.text:abort:abort)

.cinit     0    00000000    00000000     UNINITIALIZED

.init_array 
*          0    00000000    00000000     UNINITIALIZED

.stack     0    20000000    00000200     UNINITIALIZED
                  20000000    00000004     rtsv7M4_T_le_v4SPD16_eabi.lib : boot_cortex_m.c.obj (.stack)
                  20000004    000001fc     --HOLE--

__llvm_prf_cnts 
*          0    20000000    00000000     UNINITIALIZED

MODULE SUMMARY

       Module                         code   ro data   rw data
       ------                         ----   -------   -------
    .\
       tm4c123gh6pm_startup_ccs.obj   12     620       0      
       main.obj                       364    0         0      
    +--+------------------------------+------+---------+---------+
       Total:                         376    620       0      
                                                              
    C:/ti/TivaWare_C_Series-2.1.4.178/driverlib/ccs/Debug/driverlib.lib
       gpio.obj                       402    0         0      
       sysctl.obj                     114    0         0      
    +--+------------------------------+------+---------+---------+
       Total:                         516    0         0      
                                                              
    C:\ti\ccs1230\ccs\tools\compiler\ti-cgt-arm_20.2.7.LTS\lib\rtsv7M4_T_le_v4SPD16_eabi.lib
       boot_cortex_m.c.obj            44     0         0      
       exit.c.obj                     4      0         0      
       pre_init.c.obj                 4      0         0      
    +--+------------------------------+------+---------+---------+
       Total:                         52     0         0      
                                                              
       Stack:                         0      0         512    
    +--+------------------------------+------+---------+---------+
       Grand Total:                   944    620       512    


GLOBAL SYMBOLS: SORTED ALPHABETICALLY BY Name 

address   name                   
-------   ----                   
0000061b  C$$EXIT                
000005a5  GPIODirModeSet         
000003d9  GPIOPadConfigSet       
00000605  GPIOPinRead            
000005e7  GPIOPinTypeGPIOInput   
000005cf  GPIOPinTypeGPIOOutput  
0000060b  GPIOPinWrite           
000005f9  ResetISR               
00000611  SysCtlDelay            
00000545  SysCtlPeripheralEnable 
0000050d  SysCtlPeripheralReady  
20000200  __STACK_END            
00000200  __STACK_SIZE           
20000200  __STACK_TOP            
ffffffff  __TI_pprof_out_hndl    
ffffffff  __TI_prof_data_size    
ffffffff  __TI_prof_data_start   
00000000  __TI_static_base__     
ffffffff  __binit__              
ffffffff  __c_args__             
UNDEFED   __mpu_init             
20000000  __stack                
20000000  __start___llvm_prf_cnts
20000000  __stop___llvm_prf_cnts 
00000579  _c_int00_noinit_noargs 
00000617  _system_pre_init       
0000061b  abort                  
ffffffff  binit                  
00000000  g_pfnVectors           
00000289  initButton             
0000026d  initLEDs               
000002d7  main                   
000002b1  readButton             


GLOBAL SYMBOLS: SORTED BY Symbol Address 

address   name                   
-------   ----                   
00000000  __TI_static_base__     
00000000  g_pfnVectors           
00000200  __STACK_SIZE           
0000026d  initLEDs               
00000289  initButton             
000002b1  readButton             
000002d7  main                   
000003d9  GPIOPadConfigSet       
0000050d  SysCtlPeripheralReady  
00000545  SysCtlPeripheralEnable 
00000579  _c_int00_noinit_noargs 
000005a5  GPIODirModeSet         
000005cf  GPIOPinTypeGPIOOutput  
000005e7  GPIOPinTypeGPIOInput   
000005f9  ResetISR               
00000605  GPIOPinRead            
0000060b  GPIOPinWrite           
00000611  SysCtlDelay            
00000617  _system_pre_init       
0000061b  C$$EXIT                
0000061b  abort                  
20000000  __stack                
20000000  __start___llvm_prf_cnts
20000000  __stop___llvm_prf_cnts 
20000200  __STACK_END            
20000200  __STACK_TOP            
ffffffff  __TI_pprof_out_hndl    
ffffffff  __TI_prof_data_size    
ffffffff  __TI_prof_data_start   
ffffffff  __binit__              
ffffffff  __c_args__             
ffffffff  binit                  
UNDEFED   __mpu_init             

[33 symbols]
